d:\works\project\07.fileio_windows\windows-driver-samples\filesys\minifilter\simrep\x64\debug\vc143.pdb
d:\works\project\07.fileio_windows\windows-driver-samples\filesys\minifilter\simrep\x64\debug\simrep.obj
d:\works\project\07.fileio_windows\windows-driver-samples\filesys\minifilter\simrep\x64\debug\simrep\simrep.cat
d:\works\project\07.fileio_windows\windows-driver-samples\filesys\minifilter\simrep\x64\debug\simrep.sys
d:\works\project\07.fileio_windows\windows-driver-samples\filesys\minifilter\simrep\x64\debug\simrep.pdb
d:\works\project\07.fileio_windows\windows-driver-samples\filesys\minifilter\simrep\x64\debug\simrep.res
d:\works\project\07.fileio_windows\windows-driver-samples\filesys\minifilter\simrep\x64\debug\simrep.inf
d:\works\project\07.fileio_windows\windows-driver-samples\filesys\minifilter\simrep\x64\debug\simrep.tlog\cl.command.1.tlog
d:\works\project\07.fileio_windows\windows-driver-samples\filesys\minifilter\simrep\x64\debug\simrep.tlog\cl.items.tlog
d:\works\project\07.fileio_windows\windows-driver-samples\filesys\minifilter\simrep\x64\debug\simrep.tlog\cl.read.1.tlog
d:\works\project\07.fileio_windows\windows-driver-samples\filesys\minifilter\simrep\x64\debug\simrep.tlog\cl.write.1.tlog
d:\works\project\07.fileio_windows\windows-driver-samples\filesys\minifilter\simrep\x64\debug\simrep.tlog\drvcat.command.1.tlog
d:\works\project\07.fileio_windows\windows-driver-samples\filesys\minifilter\simrep\x64\debug\simrep.tlog\drvcat.read.1.tlog
d:\works\project\07.fileio_windows\windows-driver-samples\filesys\minifilter\simrep\x64\debug\simrep.tlog\drvcat.write.1.tlog
d:\works\project\07.fileio_windows\windows-driver-samples\filesys\minifilter\simrep\x64\debug\simrep.tlog\inf2cat-expand.10408.read.1.tlog
d:\works\project\07.fileio_windows\windows-driver-samples\filesys\minifilter\simrep\x64\debug\simrep.tlog\inf2cat-expand.10408.write.1.tlog
d:\works\project\07.fileio_windows\windows-driver-samples\filesys\minifilter\simrep\x64\debug\simrep.tlog\inf2cat-expand.10548.read.1.tlog
d:\works\project\07.fileio_windows\windows-driver-samples\filesys\minifilter\simrep\x64\debug\simrep.tlog\inf2cat-expand.10548.write.1.tlog
d:\works\project\07.fileio_windows\windows-driver-samples\filesys\minifilter\simrep\x64\debug\simrep.tlog\inf2cat-expand.10792.read.1.tlog
d:\works\project\07.fileio_windows\windows-driver-samples\filesys\minifilter\simrep\x64\debug\simrep.tlog\inf2cat-expand.10792.write.1.tlog
d:\works\project\07.fileio_windows\windows-driver-samples\filesys\minifilter\simrep\x64\debug\simrep.tlog\inf2cat-expand.10832.read.1.tlog
d:\works\project\07.fileio_windows\windows-driver-samples\filesys\minifilter\simrep\x64\debug\simrep.tlog\inf2cat-expand.10832.write.1.tlog
d:\works\project\07.fileio_windows\windows-driver-samples\filesys\minifilter\simrep\x64\debug\simrep.tlog\inf2cat-expand.10912.read.1.tlog
d:\works\project\07.fileio_windows\windows-driver-samples\filesys\minifilter\simrep\x64\debug\simrep.tlog\inf2cat-expand.10912.write.1.tlog
d:\works\project\07.fileio_windows\windows-driver-samples\filesys\minifilter\simrep\x64\debug\simrep.tlog\inf2cat-expand.10952.read.1.tlog
d:\works\project\07.fileio_windows\windows-driver-samples\filesys\minifilter\simrep\x64\debug\simrep.tlog\inf2cat-expand.10952.write.1.tlog
d:\works\project\07.fileio_windows\windows-driver-samples\filesys\minifilter\simrep\x64\debug\simrep.tlog\inf2cat-expand.10972.read.1.tlog
d:\works\project\07.fileio_windows\windows-driver-samples\filesys\minifilter\simrep\x64\debug\simrep.tlog\inf2cat-expand.10972.write.1.tlog
d:\works\project\07.fileio_windows\windows-driver-samples\filesys\minifilter\simrep\x64\debug\simrep.tlog\inf2cat-expand.11068.read.1.tlog
d:\works\project\07.fileio_windows\windows-driver-samples\filesys\minifilter\simrep\x64\debug\simrep.tlog\inf2cat-expand.11068.write.1.tlog
d:\works\project\07.fileio_windows\windows-driver-samples\filesys\minifilter\simrep\x64\debug\simrep.tlog\inf2cat-expand.11240.read.1.tlog
d:\works\project\07.fileio_windows\windows-driver-samples\filesys\minifilter\simrep\x64\debug\simrep.tlog\inf2cat-expand.11240.write.1.tlog
d:\works\project\07.fileio_windows\windows-driver-samples\filesys\minifilter\simrep\x64\debug\simrep.tlog\inf2cat-expand.11268.read.1.tlog
d:\works\project\07.fileio_windows\windows-driver-samples\filesys\minifilter\simrep\x64\debug\simrep.tlog\inf2cat-expand.11268.write.1.tlog
d:\works\project\07.fileio_windows\windows-driver-samples\filesys\minifilter\simrep\x64\debug\simrep.tlog\inf2cat-expand.11520.read.1.tlog
d:\works\project\07.fileio_windows\windows-driver-samples\filesys\minifilter\simrep\x64\debug\simrep.tlog\inf2cat-expand.11520.write.1.tlog
d:\works\project\07.fileio_windows\windows-driver-samples\filesys\minifilter\simrep\x64\debug\simrep.tlog\inf2cat-expand.11536.read.1.tlog
d:\works\project\07.fileio_windows\windows-driver-samples\filesys\minifilter\simrep\x64\debug\simrep.tlog\inf2cat-expand.11536.write.1.tlog
d:\works\project\07.fileio_windows\windows-driver-samples\filesys\minifilter\simrep\x64\debug\simrep.tlog\inf2cat-expand.11892.read.1.tlog
d:\works\project\07.fileio_windows\windows-driver-samples\filesys\minifilter\simrep\x64\debug\simrep.tlog\inf2cat-expand.11892.write.1.tlog
d:\works\project\07.fileio_windows\windows-driver-samples\filesys\minifilter\simrep\x64\debug\simrep.tlog\inf2cat-expand.12056.read.1.tlog
d:\works\project\07.fileio_windows\windows-driver-samples\filesys\minifilter\simrep\x64\debug\simrep.tlog\inf2cat-expand.12056.write.1.tlog
d:\works\project\07.fileio_windows\windows-driver-samples\filesys\minifilter\simrep\x64\debug\simrep.tlog\inf2cat-expand.12092.read.1.tlog
d:\works\project\07.fileio_windows\windows-driver-samples\filesys\minifilter\simrep\x64\debug\simrep.tlog\inf2cat-expand.12092.write.1.tlog
d:\works\project\07.fileio_windows\windows-driver-samples\filesys\minifilter\simrep\x64\debug\simrep.tlog\inf2cat-expand.12140.read.1.tlog
d:\works\project\07.fileio_windows\windows-driver-samples\filesys\minifilter\simrep\x64\debug\simrep.tlog\inf2cat-expand.12140.write.1.tlog
d:\works\project\07.fileio_windows\windows-driver-samples\filesys\minifilter\simrep\x64\debug\simrep.tlog\inf2cat-expand.12280.read.1.tlog
d:\works\project\07.fileio_windows\windows-driver-samples\filesys\minifilter\simrep\x64\debug\simrep.tlog\inf2cat-expand.12280.write.1.tlog
d:\works\project\07.fileio_windows\windows-driver-samples\filesys\minifilter\simrep\x64\debug\simrep.tlog\inf2cat-expand.12540.read.1.tlog
d:\works\project\07.fileio_windows\windows-driver-samples\filesys\minifilter\simrep\x64\debug\simrep.tlog\inf2cat-expand.12540.write.1.tlog
d:\works\project\07.fileio_windows\windows-driver-samples\filesys\minifilter\simrep\x64\debug\simrep.tlog\inf2cat-expand.12580.read.1.tlog
d:\works\project\07.fileio_windows\windows-driver-samples\filesys\minifilter\simrep\x64\debug\simrep.tlog\inf2cat-expand.12580.write.1.tlog
d:\works\project\07.fileio_windows\windows-driver-samples\filesys\minifilter\simrep\x64\debug\simrep.tlog\inf2cat-expand.12604.read.1.tlog
d:\works\project\07.fileio_windows\windows-driver-samples\filesys\minifilter\simrep\x64\debug\simrep.tlog\inf2cat-expand.12604.write.1.tlog
d:\works\project\07.fileio_windows\windows-driver-samples\filesys\minifilter\simrep\x64\debug\simrep.tlog\inf2cat-expand.12788.read.1.tlog
d:\works\project\07.fileio_windows\windows-driver-samples\filesys\minifilter\simrep\x64\debug\simrep.tlog\inf2cat-expand.12788.write.1.tlog
d:\works\project\07.fileio_windows\windows-driver-samples\filesys\minifilter\simrep\x64\debug\simrep.tlog\inf2cat-expand.13000.read.1.tlog
d:\works\project\07.fileio_windows\windows-driver-samples\filesys\minifilter\simrep\x64\debug\simrep.tlog\inf2cat-expand.13000.write.1.tlog
d:\works\project\07.fileio_windows\windows-driver-samples\filesys\minifilter\simrep\x64\debug\simrep.tlog\inf2cat-expand.13140.read.1.tlog
d:\works\project\07.fileio_windows\windows-driver-samples\filesys\minifilter\simrep\x64\debug\simrep.tlog\inf2cat-expand.13140.write.1.tlog
d:\works\project\07.fileio_windows\windows-driver-samples\filesys\minifilter\simrep\x64\debug\simrep.tlog\inf2cat-expand.13344.read.1.tlog
d:\works\project\07.fileio_windows\windows-driver-samples\filesys\minifilter\simrep\x64\debug\simrep.tlog\inf2cat-expand.13344.write.1.tlog
d:\works\project\07.fileio_windows\windows-driver-samples\filesys\minifilter\simrep\x64\debug\simrep.tlog\inf2cat-expand.1364.read.1.tlog
d:\works\project\07.fileio_windows\windows-driver-samples\filesys\minifilter\simrep\x64\debug\simrep.tlog\inf2cat-expand.1364.write.1.tlog
d:\works\project\07.fileio_windows\windows-driver-samples\filesys\minifilter\simrep\x64\debug\simrep.tlog\inf2cat-expand.13740.read.1.tlog
d:\works\project\07.fileio_windows\windows-driver-samples\filesys\minifilter\simrep\x64\debug\simrep.tlog\inf2cat-expand.13740.write.1.tlog
d:\works\project\07.fileio_windows\windows-driver-samples\filesys\minifilter\simrep\x64\debug\simrep.tlog\inf2cat-expand.13768.read.1.tlog
d:\works\project\07.fileio_windows\windows-driver-samples\filesys\minifilter\simrep\x64\debug\simrep.tlog\inf2cat-expand.13768.write.1.tlog
d:\works\project\07.fileio_windows\windows-driver-samples\filesys\minifilter\simrep\x64\debug\simrep.tlog\inf2cat-expand.13956.read.1.tlog
d:\works\project\07.fileio_windows\windows-driver-samples\filesys\minifilter\simrep\x64\debug\simrep.tlog\inf2cat-expand.13956.write.1.tlog
d:\works\project\07.fileio_windows\windows-driver-samples\filesys\minifilter\simrep\x64\debug\simrep.tlog\inf2cat-expand.14500.read.1.tlog
d:\works\project\07.fileio_windows\windows-driver-samples\filesys\minifilter\simrep\x64\debug\simrep.tlog\inf2cat-expand.14500.write.1.tlog
d:\works\project\07.fileio_windows\windows-driver-samples\filesys\minifilter\simrep\x64\debug\simrep.tlog\inf2cat-expand.14516.read.1.tlog
d:\works\project\07.fileio_windows\windows-driver-samples\filesys\minifilter\simrep\x64\debug\simrep.tlog\inf2cat-expand.14516.write.1.tlog
d:\works\project\07.fileio_windows\windows-driver-samples\filesys\minifilter\simrep\x64\debug\simrep.tlog\inf2cat-expand.14572.read.1.tlog
d:\works\project\07.fileio_windows\windows-driver-samples\filesys\minifilter\simrep\x64\debug\simrep.tlog\inf2cat-expand.14572.write.1.tlog
d:\works\project\07.fileio_windows\windows-driver-samples\filesys\minifilter\simrep\x64\debug\simrep.tlog\inf2cat-expand.14596.read.1.tlog
d:\works\project\07.fileio_windows\windows-driver-samples\filesys\minifilter\simrep\x64\debug\simrep.tlog\inf2cat-expand.14596.write.1.tlog
d:\works\project\07.fileio_windows\windows-driver-samples\filesys\minifilter\simrep\x64\debug\simrep.tlog\inf2cat-expand.15044.read.1.tlog
d:\works\project\07.fileio_windows\windows-driver-samples\filesys\minifilter\simrep\x64\debug\simrep.tlog\inf2cat-expand.15044.write.1.tlog
d:\works\project\07.fileio_windows\windows-driver-samples\filesys\minifilter\simrep\x64\debug\simrep.tlog\inf2cat-expand.15052.read.1.tlog
d:\works\project\07.fileio_windows\windows-driver-samples\filesys\minifilter\simrep\x64\debug\simrep.tlog\inf2cat-expand.15052.write.1.tlog
d:\works\project\07.fileio_windows\windows-driver-samples\filesys\minifilter\simrep\x64\debug\simrep.tlog\inf2cat-expand.15248.read.1.tlog
d:\works\project\07.fileio_windows\windows-driver-samples\filesys\minifilter\simrep\x64\debug\simrep.tlog\inf2cat-expand.15248.write.1.tlog
d:\works\project\07.fileio_windows\windows-driver-samples\filesys\minifilter\simrep\x64\debug\simrep.tlog\inf2cat-expand.15288.read.1.tlog
d:\works\project\07.fileio_windows\windows-driver-samples\filesys\minifilter\simrep\x64\debug\simrep.tlog\inf2cat-expand.15288.write.1.tlog
d:\works\project\07.fileio_windows\windows-driver-samples\filesys\minifilter\simrep\x64\debug\simrep.tlog\inf2cat-expand.15332.read.1.tlog
d:\works\project\07.fileio_windows\windows-driver-samples\filesys\minifilter\simrep\x64\debug\simrep.tlog\inf2cat-expand.15332.write.1.tlog
d:\works\project\07.fileio_windows\windows-driver-samples\filesys\minifilter\simrep\x64\debug\simrep.tlog\inf2cat-expand.15460.read.1.tlog
d:\works\project\07.fileio_windows\windows-driver-samples\filesys\minifilter\simrep\x64\debug\simrep.tlog\inf2cat-expand.15460.write.1.tlog
d:\works\project\07.fileio_windows\windows-driver-samples\filesys\minifilter\simrep\x64\debug\simrep.tlog\inf2cat-expand.15712.read.1.tlog
d:\works\project\07.fileio_windows\windows-driver-samples\filesys\minifilter\simrep\x64\debug\simrep.tlog\inf2cat-expand.15712.write.1.tlog
d:\works\project\07.fileio_windows\windows-driver-samples\filesys\minifilter\simrep\x64\debug\simrep.tlog\inf2cat-expand.15832.read.1.tlog
d:\works\project\07.fileio_windows\windows-driver-samples\filesys\minifilter\simrep\x64\debug\simrep.tlog\inf2cat-expand.15832.write.1.tlog
d:\works\project\07.fileio_windows\windows-driver-samples\filesys\minifilter\simrep\x64\debug\simrep.tlog\inf2cat-expand.15968.read.1.tlog
d:\works\project\07.fileio_windows\windows-driver-samples\filesys\minifilter\simrep\x64\debug\simrep.tlog\inf2cat-expand.15968.write.1.tlog
d:\works\project\07.fileio_windows\windows-driver-samples\filesys\minifilter\simrep\x64\debug\simrep.tlog\inf2cat-expand.16104.read.1.tlog
d:\works\project\07.fileio_windows\windows-driver-samples\filesys\minifilter\simrep\x64\debug\simrep.tlog\inf2cat-expand.16104.write.1.tlog
d:\works\project\07.fileio_windows\windows-driver-samples\filesys\minifilter\simrep\x64\debug\simrep.tlog\inf2cat-expand.16168.read.1.tlog
d:\works\project\07.fileio_windows\windows-driver-samples\filesys\minifilter\simrep\x64\debug\simrep.tlog\inf2cat-expand.16168.write.1.tlog
d:\works\project\07.fileio_windows\windows-driver-samples\filesys\minifilter\simrep\x64\debug\simrep.tlog\inf2cat-expand.16276.read.1.tlog
d:\works\project\07.fileio_windows\windows-driver-samples\filesys\minifilter\simrep\x64\debug\simrep.tlog\inf2cat-expand.16276.write.1.tlog
d:\works\project\07.fileio_windows\windows-driver-samples\filesys\minifilter\simrep\x64\debug\simrep.tlog\inf2cat-expand.16288.read.1.tlog
d:\works\project\07.fileio_windows\windows-driver-samples\filesys\minifilter\simrep\x64\debug\simrep.tlog\inf2cat-expand.16288.write.1.tlog
d:\works\project\07.fileio_windows\windows-driver-samples\filesys\minifilter\simrep\x64\debug\simrep.tlog\inf2cat-expand.16660.read.1.tlog
d:\works\project\07.fileio_windows\windows-driver-samples\filesys\minifilter\simrep\x64\debug\simrep.tlog\inf2cat-expand.16660.write.1.tlog
d:\works\project\07.fileio_windows\windows-driver-samples\filesys\minifilter\simrep\x64\debug\simrep.tlog\inf2cat-expand.16776.read.1.tlog
d:\works\project\07.fileio_windows\windows-driver-samples\filesys\minifilter\simrep\x64\debug\simrep.tlog\inf2cat-expand.16776.write.1.tlog
d:\works\project\07.fileio_windows\windows-driver-samples\filesys\minifilter\simrep\x64\debug\simrep.tlog\inf2cat-expand.16896.read.1.tlog
d:\works\project\07.fileio_windows\windows-driver-samples\filesys\minifilter\simrep\x64\debug\simrep.tlog\inf2cat-expand.16896.write.1.tlog
d:\works\project\07.fileio_windows\windows-driver-samples\filesys\minifilter\simrep\x64\debug\simrep.tlog\inf2cat-expand.1716.read.1.tlog
d:\works\project\07.fileio_windows\windows-driver-samples\filesys\minifilter\simrep\x64\debug\simrep.tlog\inf2cat-expand.1716.write.1.tlog
d:\works\project\07.fileio_windows\windows-driver-samples\filesys\minifilter\simrep\x64\debug\simrep.tlog\inf2cat-expand.17176.read.1.tlog
d:\works\project\07.fileio_windows\windows-driver-samples\filesys\minifilter\simrep\x64\debug\simrep.tlog\inf2cat-expand.17176.write.1.tlog
d:\works\project\07.fileio_windows\windows-driver-samples\filesys\minifilter\simrep\x64\debug\simrep.tlog\inf2cat-expand.17208.read.1.tlog
d:\works\project\07.fileio_windows\windows-driver-samples\filesys\minifilter\simrep\x64\debug\simrep.tlog\inf2cat-expand.17208.write.1.tlog
d:\works\project\07.fileio_windows\windows-driver-samples\filesys\minifilter\simrep\x64\debug\simrep.tlog\inf2cat-expand.17232.read.1.tlog
d:\works\project\07.fileio_windows\windows-driver-samples\filesys\minifilter\simrep\x64\debug\simrep.tlog\inf2cat-expand.17232.write.1.tlog
d:\works\project\07.fileio_windows\windows-driver-samples\filesys\minifilter\simrep\x64\debug\simrep.tlog\inf2cat-expand.17248.read.1.tlog
d:\works\project\07.fileio_windows\windows-driver-samples\filesys\minifilter\simrep\x64\debug\simrep.tlog\inf2cat-expand.17248.write.1.tlog
d:\works\project\07.fileio_windows\windows-driver-samples\filesys\minifilter\simrep\x64\debug\simrep.tlog\inf2cat-expand.17280.read.1.tlog
d:\works\project\07.fileio_windows\windows-driver-samples\filesys\minifilter\simrep\x64\debug\simrep.tlog\inf2cat-expand.17280.write.1.tlog
d:\works\project\07.fileio_windows\windows-driver-samples\filesys\minifilter\simrep\x64\debug\simrep.tlog\inf2cat-expand.1768.read.1.tlog
d:\works\project\07.fileio_windows\windows-driver-samples\filesys\minifilter\simrep\x64\debug\simrep.tlog\inf2cat-expand.1768.write.1.tlog
d:\works\project\07.fileio_windows\windows-driver-samples\filesys\minifilter\simrep\x64\debug\simrep.tlog\inf2cat-expand.17836.read.1.tlog
d:\works\project\07.fileio_windows\windows-driver-samples\filesys\minifilter\simrep\x64\debug\simrep.tlog\inf2cat-expand.17836.write.1.tlog
d:\works\project\07.fileio_windows\windows-driver-samples\filesys\minifilter\simrep\x64\debug\simrep.tlog\inf2cat-expand.17880.read.1.tlog
d:\works\project\07.fileio_windows\windows-driver-samples\filesys\minifilter\simrep\x64\debug\simrep.tlog\inf2cat-expand.17880.write.1.tlog
d:\works\project\07.fileio_windows\windows-driver-samples\filesys\minifilter\simrep\x64\debug\simrep.tlog\inf2cat-expand.17944.read.1.tlog
d:\works\project\07.fileio_windows\windows-driver-samples\filesys\minifilter\simrep\x64\debug\simrep.tlog\inf2cat-expand.17944.write.1.tlog
d:\works\project\07.fileio_windows\windows-driver-samples\filesys\minifilter\simrep\x64\debug\simrep.tlog\inf2cat-expand.18016.read.1.tlog
d:\works\project\07.fileio_windows\windows-driver-samples\filesys\minifilter\simrep\x64\debug\simrep.tlog\inf2cat-expand.18016.write.1.tlog
d:\works\project\07.fileio_windows\windows-driver-samples\filesys\minifilter\simrep\x64\debug\simrep.tlog\inf2cat-expand.18108.read.1.tlog
d:\works\project\07.fileio_windows\windows-driver-samples\filesys\minifilter\simrep\x64\debug\simrep.tlog\inf2cat-expand.18108.write.1.tlog
d:\works\project\07.fileio_windows\windows-driver-samples\filesys\minifilter\simrep\x64\debug\simrep.tlog\inf2cat-expand.18164.read.1.tlog
d:\works\project\07.fileio_windows\windows-driver-samples\filesys\minifilter\simrep\x64\debug\simrep.tlog\inf2cat-expand.18164.write.1.tlog
d:\works\project\07.fileio_windows\windows-driver-samples\filesys\minifilter\simrep\x64\debug\simrep.tlog\inf2cat-expand.18208.read.1.tlog
d:\works\project\07.fileio_windows\windows-driver-samples\filesys\minifilter\simrep\x64\debug\simrep.tlog\inf2cat-expand.18208.write.1.tlog
d:\works\project\07.fileio_windows\windows-driver-samples\filesys\minifilter\simrep\x64\debug\simrep.tlog\inf2cat-expand.18260.read.1.tlog
d:\works\project\07.fileio_windows\windows-driver-samples\filesys\minifilter\simrep\x64\debug\simrep.tlog\inf2cat-expand.18260.write.1.tlog
d:\works\project\07.fileio_windows\windows-driver-samples\filesys\minifilter\simrep\x64\debug\simrep.tlog\inf2cat-expand.18360.read.1.tlog
d:\works\project\07.fileio_windows\windows-driver-samples\filesys\minifilter\simrep\x64\debug\simrep.tlog\inf2cat-expand.18360.write.1.tlog
d:\works\project\07.fileio_windows\windows-driver-samples\filesys\minifilter\simrep\x64\debug\simrep.tlog\inf2cat-expand.18776.read.1.tlog
d:\works\project\07.fileio_windows\windows-driver-samples\filesys\minifilter\simrep\x64\debug\simrep.tlog\inf2cat-expand.18776.write.1.tlog
d:\works\project\07.fileio_windows\windows-driver-samples\filesys\minifilter\simrep\x64\debug\simrep.tlog\inf2cat-expand.1892.read.1.tlog
d:\works\project\07.fileio_windows\windows-driver-samples\filesys\minifilter\simrep\x64\debug\simrep.tlog\inf2cat-expand.1892.write.1.tlog
d:\works\project\07.fileio_windows\windows-driver-samples\filesys\minifilter\simrep\x64\debug\simrep.tlog\inf2cat-expand.18960.read.1.tlog
d:\works\project\07.fileio_windows\windows-driver-samples\filesys\minifilter\simrep\x64\debug\simrep.tlog\inf2cat-expand.18960.write.1.tlog
d:\works\project\07.fileio_windows\windows-driver-samples\filesys\minifilter\simrep\x64\debug\simrep.tlog\inf2cat-expand.19052.read.1.tlog
d:\works\project\07.fileio_windows\windows-driver-samples\filesys\minifilter\simrep\x64\debug\simrep.tlog\inf2cat-expand.19052.write.1.tlog
d:\works\project\07.fileio_windows\windows-driver-samples\filesys\minifilter\simrep\x64\debug\simrep.tlog\inf2cat-expand.19324.read.1.tlog
d:\works\project\07.fileio_windows\windows-driver-samples\filesys\minifilter\simrep\x64\debug\simrep.tlog\inf2cat-expand.19324.write.1.tlog
d:\works\project\07.fileio_windows\windows-driver-samples\filesys\minifilter\simrep\x64\debug\simrep.tlog\inf2cat-expand.19424.read.1.tlog
d:\works\project\07.fileio_windows\windows-driver-samples\filesys\minifilter\simrep\x64\debug\simrep.tlog\inf2cat-expand.19424.write.1.tlog
d:\works\project\07.fileio_windows\windows-driver-samples\filesys\minifilter\simrep\x64\debug\simrep.tlog\inf2cat-expand.19480.read.1.tlog
d:\works\project\07.fileio_windows\windows-driver-samples\filesys\minifilter\simrep\x64\debug\simrep.tlog\inf2cat-expand.19480.write.1.tlog
d:\works\project\07.fileio_windows\windows-driver-samples\filesys\minifilter\simrep\x64\debug\simrep.tlog\inf2cat-expand.19532.read.1.tlog
d:\works\project\07.fileio_windows\windows-driver-samples\filesys\minifilter\simrep\x64\debug\simrep.tlog\inf2cat-expand.19532.write.1.tlog
d:\works\project\07.fileio_windows\windows-driver-samples\filesys\minifilter\simrep\x64\debug\simrep.tlog\inf2cat-expand.19620.read.1.tlog
d:\works\project\07.fileio_windows\windows-driver-samples\filesys\minifilter\simrep\x64\debug\simrep.tlog\inf2cat-expand.19620.write.1.tlog
d:\works\project\07.fileio_windows\windows-driver-samples\filesys\minifilter\simrep\x64\debug\simrep.tlog\inf2cat-expand.19788.read.1.tlog
d:\works\project\07.fileio_windows\windows-driver-samples\filesys\minifilter\simrep\x64\debug\simrep.tlog\inf2cat-expand.19788.write.1.tlog
d:\works\project\07.fileio_windows\windows-driver-samples\filesys\minifilter\simrep\x64\debug\simrep.tlog\inf2cat-expand.19808.read.1.tlog
d:\works\project\07.fileio_windows\windows-driver-samples\filesys\minifilter\simrep\x64\debug\simrep.tlog\inf2cat-expand.19808.write.1.tlog
d:\works\project\07.fileio_windows\windows-driver-samples\filesys\minifilter\simrep\x64\debug\simrep.tlog\inf2cat-expand.19860.read.1.tlog
d:\works\project\07.fileio_windows\windows-driver-samples\filesys\minifilter\simrep\x64\debug\simrep.tlog\inf2cat-expand.19860.write.1.tlog
d:\works\project\07.fileio_windows\windows-driver-samples\filesys\minifilter\simrep\x64\debug\simrep.tlog\inf2cat-expand.19868.read.1.tlog
d:\works\project\07.fileio_windows\windows-driver-samples\filesys\minifilter\simrep\x64\debug\simrep.tlog\inf2cat-expand.19868.write.1.tlog
d:\works\project\07.fileio_windows\windows-driver-samples\filesys\minifilter\simrep\x64\debug\simrep.tlog\inf2cat-expand.20080.read.1.tlog
d:\works\project\07.fileio_windows\windows-driver-samples\filesys\minifilter\simrep\x64\debug\simrep.tlog\inf2cat-expand.20080.write.1.tlog
d:\works\project\07.fileio_windows\windows-driver-samples\filesys\minifilter\simrep\x64\debug\simrep.tlog\inf2cat-expand.20224.read.1.tlog
d:\works\project\07.fileio_windows\windows-driver-samples\filesys\minifilter\simrep\x64\debug\simrep.tlog\inf2cat-expand.20224.write.1.tlog
d:\works\project\07.fileio_windows\windows-driver-samples\filesys\minifilter\simrep\x64\debug\simrep.tlog\inf2cat-expand.20304.read.1.tlog
d:\works\project\07.fileio_windows\windows-driver-samples\filesys\minifilter\simrep\x64\debug\simrep.tlog\inf2cat-expand.20304.write.1.tlog
d:\works\project\07.fileio_windows\windows-driver-samples\filesys\minifilter\simrep\x64\debug\simrep.tlog\inf2cat-expand.20312.read.1.tlog
d:\works\project\07.fileio_windows\windows-driver-samples\filesys\minifilter\simrep\x64\debug\simrep.tlog\inf2cat-expand.20312.write.1.tlog
d:\works\project\07.fileio_windows\windows-driver-samples\filesys\minifilter\simrep\x64\debug\simrep.tlog\inf2cat-expand.20404.read.1.tlog
d:\works\project\07.fileio_windows\windows-driver-samples\filesys\minifilter\simrep\x64\debug\simrep.tlog\inf2cat-expand.20404.write.1.tlog
d:\works\project\07.fileio_windows\windows-driver-samples\filesys\minifilter\simrep\x64\debug\simrep.tlog\inf2cat-expand.20436.read.1.tlog
d:\works\project\07.fileio_windows\windows-driver-samples\filesys\minifilter\simrep\x64\debug\simrep.tlog\inf2cat-expand.20436.write.1.tlog
d:\works\project\07.fileio_windows\windows-driver-samples\filesys\minifilter\simrep\x64\debug\simrep.tlog\inf2cat-expand.20476.read.1.tlog
d:\works\project\07.fileio_windows\windows-driver-samples\filesys\minifilter\simrep\x64\debug\simrep.tlog\inf2cat-expand.20476.write.1.tlog
d:\works\project\07.fileio_windows\windows-driver-samples\filesys\minifilter\simrep\x64\debug\simrep.tlog\inf2cat-expand.20484.read.1.tlog
d:\works\project\07.fileio_windows\windows-driver-samples\filesys\minifilter\simrep\x64\debug\simrep.tlog\inf2cat-expand.20484.write.1.tlog
d:\works\project\07.fileio_windows\windows-driver-samples\filesys\minifilter\simrep\x64\debug\simrep.tlog\inf2cat-expand.2052.read.1.tlog
d:\works\project\07.fileio_windows\windows-driver-samples\filesys\minifilter\simrep\x64\debug\simrep.tlog\inf2cat-expand.2052.write.1.tlog
d:\works\project\07.fileio_windows\windows-driver-samples\filesys\minifilter\simrep\x64\debug\simrep.tlog\inf2cat-expand.20580.read.1.tlog
d:\works\project\07.fileio_windows\windows-driver-samples\filesys\minifilter\simrep\x64\debug\simrep.tlog\inf2cat-expand.20580.write.1.tlog
d:\works\project\07.fileio_windows\windows-driver-samples\filesys\minifilter\simrep\x64\debug\simrep.tlog\inf2cat-expand.20736.read.1.tlog
d:\works\project\07.fileio_windows\windows-driver-samples\filesys\minifilter\simrep\x64\debug\simrep.tlog\inf2cat-expand.20736.write.1.tlog
d:\works\project\07.fileio_windows\windows-driver-samples\filesys\minifilter\simrep\x64\debug\simrep.tlog\inf2cat-expand.20780.read.1.tlog
d:\works\project\07.fileio_windows\windows-driver-samples\filesys\minifilter\simrep\x64\debug\simrep.tlog\inf2cat-expand.20780.write.1.tlog
d:\works\project\07.fileio_windows\windows-driver-samples\filesys\minifilter\simrep\x64\debug\simrep.tlog\inf2cat-expand.20824.read.1.tlog
d:\works\project\07.fileio_windows\windows-driver-samples\filesys\minifilter\simrep\x64\debug\simrep.tlog\inf2cat-expand.20824.write.1.tlog
d:\works\project\07.fileio_windows\windows-driver-samples\filesys\minifilter\simrep\x64\debug\simrep.tlog\inf2cat-expand.20840.read.1.tlog
d:\works\project\07.fileio_windows\windows-driver-samples\filesys\minifilter\simrep\x64\debug\simrep.tlog\inf2cat-expand.20840.write.1.tlog
d:\works\project\07.fileio_windows\windows-driver-samples\filesys\minifilter\simrep\x64\debug\simrep.tlog\inf2cat-expand.20864.read.1.tlog
d:\works\project\07.fileio_windows\windows-driver-samples\filesys\minifilter\simrep\x64\debug\simrep.tlog\inf2cat-expand.20864.write.1.tlog
d:\works\project\07.fileio_windows\windows-driver-samples\filesys\minifilter\simrep\x64\debug\simrep.tlog\inf2cat-expand.20936.read.1.tlog
d:\works\project\07.fileio_windows\windows-driver-samples\filesys\minifilter\simrep\x64\debug\simrep.tlog\inf2cat-expand.20936.write.1.tlog
d:\works\project\07.fileio_windows\windows-driver-samples\filesys\minifilter\simrep\x64\debug\simrep.tlog\inf2cat-expand.21004.read.1.tlog
d:\works\project\07.fileio_windows\windows-driver-samples\filesys\minifilter\simrep\x64\debug\simrep.tlog\inf2cat-expand.21004.write.1.tlog
d:\works\project\07.fileio_windows\windows-driver-samples\filesys\minifilter\simrep\x64\debug\simrep.tlog\inf2cat-expand.21084.read.1.tlog
d:\works\project\07.fileio_windows\windows-driver-samples\filesys\minifilter\simrep\x64\debug\simrep.tlog\inf2cat-expand.21084.write.1.tlog
d:\works\project\07.fileio_windows\windows-driver-samples\filesys\minifilter\simrep\x64\debug\simrep.tlog\inf2cat-expand.21160.read.1.tlog
d:\works\project\07.fileio_windows\windows-driver-samples\filesys\minifilter\simrep\x64\debug\simrep.tlog\inf2cat-expand.21160.write.1.tlog
d:\works\project\07.fileio_windows\windows-driver-samples\filesys\minifilter\simrep\x64\debug\simrep.tlog\inf2cat-expand.21180.read.1.tlog
d:\works\project\07.fileio_windows\windows-driver-samples\filesys\minifilter\simrep\x64\debug\simrep.tlog\inf2cat-expand.21180.write.1.tlog
d:\works\project\07.fileio_windows\windows-driver-samples\filesys\minifilter\simrep\x64\debug\simrep.tlog\inf2cat-expand.21184.read.1.tlog
d:\works\project\07.fileio_windows\windows-driver-samples\filesys\minifilter\simrep\x64\debug\simrep.tlog\inf2cat-expand.21184.write.1.tlog
d:\works\project\07.fileio_windows\windows-driver-samples\filesys\minifilter\simrep\x64\debug\simrep.tlog\inf2cat-expand.2120.read.1.tlog
d:\works\project\07.fileio_windows\windows-driver-samples\filesys\minifilter\simrep\x64\debug\simrep.tlog\inf2cat-expand.2120.write.1.tlog
d:\works\project\07.fileio_windows\windows-driver-samples\filesys\minifilter\simrep\x64\debug\simrep.tlog\inf2cat-expand.21264.read.1.tlog
d:\works\project\07.fileio_windows\windows-driver-samples\filesys\minifilter\simrep\x64\debug\simrep.tlog\inf2cat-expand.21264.write.1.tlog
d:\works\project\07.fileio_windows\windows-driver-samples\filesys\minifilter\simrep\x64\debug\simrep.tlog\inf2cat-expand.21304.read.1.tlog
d:\works\project\07.fileio_windows\windows-driver-samples\filesys\minifilter\simrep\x64\debug\simrep.tlog\inf2cat-expand.21304.write.1.tlog
d:\works\project\07.fileio_windows\windows-driver-samples\filesys\minifilter\simrep\x64\debug\simrep.tlog\inf2cat-expand.21444.read.1.tlog
d:\works\project\07.fileio_windows\windows-driver-samples\filesys\minifilter\simrep\x64\debug\simrep.tlog\inf2cat-expand.21444.write.1.tlog
d:\works\project\07.fileio_windows\windows-driver-samples\filesys\minifilter\simrep\x64\debug\simrep.tlog\inf2cat-expand.21520.read.1.tlog
d:\works\project\07.fileio_windows\windows-driver-samples\filesys\minifilter\simrep\x64\debug\simrep.tlog\inf2cat-expand.21520.write.1.tlog
d:\works\project\07.fileio_windows\windows-driver-samples\filesys\minifilter\simrep\x64\debug\simrep.tlog\inf2cat-expand.21528.read.1.tlog
d:\works\project\07.fileio_windows\windows-driver-samples\filesys\minifilter\simrep\x64\debug\simrep.tlog\inf2cat-expand.21528.write.1.tlog
d:\works\project\07.fileio_windows\windows-driver-samples\filesys\minifilter\simrep\x64\debug\simrep.tlog\inf2cat-expand.21532.read.1.tlog
d:\works\project\07.fileio_windows\windows-driver-samples\filesys\minifilter\simrep\x64\debug\simrep.tlog\inf2cat-expand.21532.write.1.tlog
d:\works\project\07.fileio_windows\windows-driver-samples\filesys\minifilter\simrep\x64\debug\simrep.tlog\inf2cat-expand.21536.read.1.tlog
d:\works\project\07.fileio_windows\windows-driver-samples\filesys\minifilter\simrep\x64\debug\simrep.tlog\inf2cat-expand.21536.write.1.tlog
d:\works\project\07.fileio_windows\windows-driver-samples\filesys\minifilter\simrep\x64\debug\simrep.tlog\inf2cat-expand.21576.read.1.tlog
d:\works\project\07.fileio_windows\windows-driver-samples\filesys\minifilter\simrep\x64\debug\simrep.tlog\inf2cat-expand.21576.write.1.tlog
d:\works\project\07.fileio_windows\windows-driver-samples\filesys\minifilter\simrep\x64\debug\simrep.tlog\inf2cat-expand.21612.read.1.tlog
d:\works\project\07.fileio_windows\windows-driver-samples\filesys\minifilter\simrep\x64\debug\simrep.tlog\inf2cat-expand.21612.write.1.tlog
d:\works\project\07.fileio_windows\windows-driver-samples\filesys\minifilter\simrep\x64\debug\simrep.tlog\inf2cat-expand.21664.read.1.tlog
d:\works\project\07.fileio_windows\windows-driver-samples\filesys\minifilter\simrep\x64\debug\simrep.tlog\inf2cat-expand.21664.write.1.tlog
d:\works\project\07.fileio_windows\windows-driver-samples\filesys\minifilter\simrep\x64\debug\simrep.tlog\inf2cat-expand.21792.read.1.tlog
d:\works\project\07.fileio_windows\windows-driver-samples\filesys\minifilter\simrep\x64\debug\simrep.tlog\inf2cat-expand.21792.write.1.tlog
d:\works\project\07.fileio_windows\windows-driver-samples\filesys\minifilter\simrep\x64\debug\simrep.tlog\inf2cat-expand.21836.read.1.tlog
d:\works\project\07.fileio_windows\windows-driver-samples\filesys\minifilter\simrep\x64\debug\simrep.tlog\inf2cat-expand.21836.write.1.tlog
d:\works\project\07.fileio_windows\windows-driver-samples\filesys\minifilter\simrep\x64\debug\simrep.tlog\inf2cat-expand.22032.read.1.tlog
d:\works\project\07.fileio_windows\windows-driver-samples\filesys\minifilter\simrep\x64\debug\simrep.tlog\inf2cat-expand.22032.write.1.tlog
d:\works\project\07.fileio_windows\windows-driver-samples\filesys\minifilter\simrep\x64\debug\simrep.tlog\inf2cat-expand.22096.read.1.tlog
d:\works\project\07.fileio_windows\windows-driver-samples\filesys\minifilter\simrep\x64\debug\simrep.tlog\inf2cat-expand.22096.write.1.tlog
d:\works\project\07.fileio_windows\windows-driver-samples\filesys\minifilter\simrep\x64\debug\simrep.tlog\inf2cat-expand.22144.read.1.tlog
d:\works\project\07.fileio_windows\windows-driver-samples\filesys\minifilter\simrep\x64\debug\simrep.tlog\inf2cat-expand.22144.write.1.tlog
d:\works\project\07.fileio_windows\windows-driver-samples\filesys\minifilter\simrep\x64\debug\simrep.tlog\inf2cat-expand.22152.read.1.tlog
d:\works\project\07.fileio_windows\windows-driver-samples\filesys\minifilter\simrep\x64\debug\simrep.tlog\inf2cat-expand.22152.write.1.tlog
d:\works\project\07.fileio_windows\windows-driver-samples\filesys\minifilter\simrep\x64\debug\simrep.tlog\inf2cat-expand.22288.read.1.tlog
d:\works\project\07.fileio_windows\windows-driver-samples\filesys\minifilter\simrep\x64\debug\simrep.tlog\inf2cat-expand.22288.write.1.tlog
d:\works\project\07.fileio_windows\windows-driver-samples\filesys\minifilter\simrep\x64\debug\simrep.tlog\inf2cat-expand.22388.read.1.tlog
d:\works\project\07.fileio_windows\windows-driver-samples\filesys\minifilter\simrep\x64\debug\simrep.tlog\inf2cat-expand.22388.write.1.tlog
d:\works\project\07.fileio_windows\windows-driver-samples\filesys\minifilter\simrep\x64\debug\simrep.tlog\inf2cat-expand.22472.read.1.tlog
d:\works\project\07.fileio_windows\windows-driver-samples\filesys\minifilter\simrep\x64\debug\simrep.tlog\inf2cat-expand.22472.write.1.tlog
d:\works\project\07.fileio_windows\windows-driver-samples\filesys\minifilter\simrep\x64\debug\simrep.tlog\inf2cat-expand.2248.read.1.tlog
d:\works\project\07.fileio_windows\windows-driver-samples\filesys\minifilter\simrep\x64\debug\simrep.tlog\inf2cat-expand.2248.write.1.tlog
d:\works\project\07.fileio_windows\windows-driver-samples\filesys\minifilter\simrep\x64\debug\simrep.tlog\inf2cat-expand.22520.read.1.tlog
d:\works\project\07.fileio_windows\windows-driver-samples\filesys\minifilter\simrep\x64\debug\simrep.tlog\inf2cat-expand.22520.write.1.tlog
d:\works\project\07.fileio_windows\windows-driver-samples\filesys\minifilter\simrep\x64\debug\simrep.tlog\inf2cat-expand.22628.read.1.tlog
d:\works\project\07.fileio_windows\windows-driver-samples\filesys\minifilter\simrep\x64\debug\simrep.tlog\inf2cat-expand.22628.write.1.tlog
d:\works\project\07.fileio_windows\windows-driver-samples\filesys\minifilter\simrep\x64\debug\simrep.tlog\inf2cat-expand.22836.read.1.tlog
d:\works\project\07.fileio_windows\windows-driver-samples\filesys\minifilter\simrep\x64\debug\simrep.tlog\inf2cat-expand.22836.write.1.tlog
d:\works\project\07.fileio_windows\windows-driver-samples\filesys\minifilter\simrep\x64\debug\simrep.tlog\inf2cat-expand.23020.read.1.tlog
d:\works\project\07.fileio_windows\windows-driver-samples\filesys\minifilter\simrep\x64\debug\simrep.tlog\inf2cat-expand.23020.write.1.tlog
d:\works\project\07.fileio_windows\windows-driver-samples\filesys\minifilter\simrep\x64\debug\simrep.tlog\inf2cat-expand.23028.read.1.tlog
d:\works\project\07.fileio_windows\windows-driver-samples\filesys\minifilter\simrep\x64\debug\simrep.tlog\inf2cat-expand.23028.write.1.tlog
d:\works\project\07.fileio_windows\windows-driver-samples\filesys\minifilter\simrep\x64\debug\simrep.tlog\inf2cat-expand.23140.read.1.tlog
d:\works\project\07.fileio_windows\windows-driver-samples\filesys\minifilter\simrep\x64\debug\simrep.tlog\inf2cat-expand.23140.write.1.tlog
d:\works\project\07.fileio_windows\windows-driver-samples\filesys\minifilter\simrep\x64\debug\simrep.tlog\inf2cat-expand.23504.read.1.tlog
d:\works\project\07.fileio_windows\windows-driver-samples\filesys\minifilter\simrep\x64\debug\simrep.tlog\inf2cat-expand.23504.write.1.tlog
d:\works\project\07.fileio_windows\windows-driver-samples\filesys\minifilter\simrep\x64\debug\simrep.tlog\inf2cat-expand.23536.read.1.tlog
d:\works\project\07.fileio_windows\windows-driver-samples\filesys\minifilter\simrep\x64\debug\simrep.tlog\inf2cat-expand.23536.write.1.tlog
d:\works\project\07.fileio_windows\windows-driver-samples\filesys\minifilter\simrep\x64\debug\simrep.tlog\inf2cat-expand.23692.read.1.tlog
d:\works\project\07.fileio_windows\windows-driver-samples\filesys\minifilter\simrep\x64\debug\simrep.tlog\inf2cat-expand.23692.write.1.tlog
d:\works\project\07.fileio_windows\windows-driver-samples\filesys\minifilter\simrep\x64\debug\simrep.tlog\inf2cat-expand.2416.read.1.tlog
d:\works\project\07.fileio_windows\windows-driver-samples\filesys\minifilter\simrep\x64\debug\simrep.tlog\inf2cat-expand.2416.write.1.tlog
d:\works\project\07.fileio_windows\windows-driver-samples\filesys\minifilter\simrep\x64\debug\simrep.tlog\inf2cat-expand.24196.read.1.tlog
d:\works\project\07.fileio_windows\windows-driver-samples\filesys\minifilter\simrep\x64\debug\simrep.tlog\inf2cat-expand.24196.write.1.tlog
d:\works\project\07.fileio_windows\windows-driver-samples\filesys\minifilter\simrep\x64\debug\simrep.tlog\inf2cat-expand.24336.read.1.tlog
d:\works\project\07.fileio_windows\windows-driver-samples\filesys\minifilter\simrep\x64\debug\simrep.tlog\inf2cat-expand.24336.write.1.tlog
d:\works\project\07.fileio_windows\windows-driver-samples\filesys\minifilter\simrep\x64\debug\simrep.tlog\inf2cat-expand.24468.read.1.tlog
d:\works\project\07.fileio_windows\windows-driver-samples\filesys\minifilter\simrep\x64\debug\simrep.tlog\inf2cat-expand.24468.write.1.tlog
d:\works\project\07.fileio_windows\windows-driver-samples\filesys\minifilter\simrep\x64\debug\simrep.tlog\inf2cat-expand.24568.read.1.tlog
d:\works\project\07.fileio_windows\windows-driver-samples\filesys\minifilter\simrep\x64\debug\simrep.tlog\inf2cat-expand.24568.write.1.tlog
d:\works\project\07.fileio_windows\windows-driver-samples\filesys\minifilter\simrep\x64\debug\simrep.tlog\inf2cat-expand.2464.read.1.tlog
d:\works\project\07.fileio_windows\windows-driver-samples\filesys\minifilter\simrep\x64\debug\simrep.tlog\inf2cat-expand.2464.write.1.tlog
d:\works\project\07.fileio_windows\windows-driver-samples\filesys\minifilter\simrep\x64\debug\simrep.tlog\inf2cat-expand.2744.read.1.tlog
d:\works\project\07.fileio_windows\windows-driver-samples\filesys\minifilter\simrep\x64\debug\simrep.tlog\inf2cat-expand.2744.write.1.tlog
d:\works\project\07.fileio_windows\windows-driver-samples\filesys\minifilter\simrep\x64\debug\simrep.tlog\inf2cat-expand.2824.read.1.tlog
d:\works\project\07.fileio_windows\windows-driver-samples\filesys\minifilter\simrep\x64\debug\simrep.tlog\inf2cat-expand.2824.write.1.tlog
d:\works\project\07.fileio_windows\windows-driver-samples\filesys\minifilter\simrep\x64\debug\simrep.tlog\inf2cat-expand.2936.read.1.tlog
d:\works\project\07.fileio_windows\windows-driver-samples\filesys\minifilter\simrep\x64\debug\simrep.tlog\inf2cat-expand.2936.write.1.tlog
d:\works\project\07.fileio_windows\windows-driver-samples\filesys\minifilter\simrep\x64\debug\simrep.tlog\inf2cat-expand.2980.read.1.tlog
d:\works\project\07.fileio_windows\windows-driver-samples\filesys\minifilter\simrep\x64\debug\simrep.tlog\inf2cat-expand.2980.write.1.tlog
d:\works\project\07.fileio_windows\windows-driver-samples\filesys\minifilter\simrep\x64\debug\simrep.tlog\inf2cat-expand.344.read.1.tlog
d:\works\project\07.fileio_windows\windows-driver-samples\filesys\minifilter\simrep\x64\debug\simrep.tlog\inf2cat-expand.344.write.1.tlog
d:\works\project\07.fileio_windows\windows-driver-samples\filesys\minifilter\simrep\x64\debug\simrep.tlog\inf2cat-expand.4200.read.1.tlog
d:\works\project\07.fileio_windows\windows-driver-samples\filesys\minifilter\simrep\x64\debug\simrep.tlog\inf2cat-expand.4200.write.1.tlog
d:\works\project\07.fileio_windows\windows-driver-samples\filesys\minifilter\simrep\x64\debug\simrep.tlog\inf2cat-expand.4468.read.1.tlog
d:\works\project\07.fileio_windows\windows-driver-samples\filesys\minifilter\simrep\x64\debug\simrep.tlog\inf2cat-expand.4468.write.1.tlog
d:\works\project\07.fileio_windows\windows-driver-samples\filesys\minifilter\simrep\x64\debug\simrep.tlog\inf2cat-expand.4704.read.1.tlog
d:\works\project\07.fileio_windows\windows-driver-samples\filesys\minifilter\simrep\x64\debug\simrep.tlog\inf2cat-expand.4704.write.1.tlog
d:\works\project\07.fileio_windows\windows-driver-samples\filesys\minifilter\simrep\x64\debug\simrep.tlog\inf2cat-expand.5116.read.1.tlog
d:\works\project\07.fileio_windows\windows-driver-samples\filesys\minifilter\simrep\x64\debug\simrep.tlog\inf2cat-expand.5116.write.1.tlog
d:\works\project\07.fileio_windows\windows-driver-samples\filesys\minifilter\simrep\x64\debug\simrep.tlog\inf2cat-expand.5276.read.1.tlog
d:\works\project\07.fileio_windows\windows-driver-samples\filesys\minifilter\simrep\x64\debug\simrep.tlog\inf2cat-expand.5276.write.1.tlog
d:\works\project\07.fileio_windows\windows-driver-samples\filesys\minifilter\simrep\x64\debug\simrep.tlog\inf2cat-expand.5312.read.1.tlog
d:\works\project\07.fileio_windows\windows-driver-samples\filesys\minifilter\simrep\x64\debug\simrep.tlog\inf2cat-expand.5312.write.1.tlog
d:\works\project\07.fileio_windows\windows-driver-samples\filesys\minifilter\simrep\x64\debug\simrep.tlog\inf2cat-expand.6212.read.1.tlog
d:\works\project\07.fileio_windows\windows-driver-samples\filesys\minifilter\simrep\x64\debug\simrep.tlog\inf2cat-expand.6212.write.1.tlog
d:\works\project\07.fileio_windows\windows-driver-samples\filesys\minifilter\simrep\x64\debug\simrep.tlog\inf2cat-expand.6736.read.1.tlog
d:\works\project\07.fileio_windows\windows-driver-samples\filesys\minifilter\simrep\x64\debug\simrep.tlog\inf2cat-expand.6736.write.1.tlog
d:\works\project\07.fileio_windows\windows-driver-samples\filesys\minifilter\simrep\x64\debug\simrep.tlog\inf2cat-expand.7060.read.1.tlog
d:\works\project\07.fileio_windows\windows-driver-samples\filesys\minifilter\simrep\x64\debug\simrep.tlog\inf2cat-expand.7060.write.1.tlog
d:\works\project\07.fileio_windows\windows-driver-samples\filesys\minifilter\simrep\x64\debug\simrep.tlog\inf2cat-expand.7184.read.1.tlog
d:\works\project\07.fileio_windows\windows-driver-samples\filesys\minifilter\simrep\x64\debug\simrep.tlog\inf2cat-expand.7184.write.1.tlog
d:\works\project\07.fileio_windows\windows-driver-samples\filesys\minifilter\simrep\x64\debug\simrep.tlog\inf2cat-expand.7236.read.1.tlog
d:\works\project\07.fileio_windows\windows-driver-samples\filesys\minifilter\simrep\x64\debug\simrep.tlog\inf2cat-expand.7236.write.1.tlog
d:\works\project\07.fileio_windows\windows-driver-samples\filesys\minifilter\simrep\x64\debug\simrep.tlog\inf2cat-expand.7400.read.1.tlog
d:\works\project\07.fileio_windows\windows-driver-samples\filesys\minifilter\simrep\x64\debug\simrep.tlog\inf2cat-expand.7400.write.1.tlog
d:\works\project\07.fileio_windows\windows-driver-samples\filesys\minifilter\simrep\x64\debug\simrep.tlog\inf2cat-expand.7704.read.1.tlog
d:\works\project\07.fileio_windows\windows-driver-samples\filesys\minifilter\simrep\x64\debug\simrep.tlog\inf2cat-expand.7704.write.1.tlog
d:\works\project\07.fileio_windows\windows-driver-samples\filesys\minifilter\simrep\x64\debug\simrep.tlog\inf2cat-expand.7780.read.1.tlog
d:\works\project\07.fileio_windows\windows-driver-samples\filesys\minifilter\simrep\x64\debug\simrep.tlog\inf2cat-expand.7780.write.1.tlog
d:\works\project\07.fileio_windows\windows-driver-samples\filesys\minifilter\simrep\x64\debug\simrep.tlog\inf2cat-expand.7848.read.1.tlog
d:\works\project\07.fileio_windows\windows-driver-samples\filesys\minifilter\simrep\x64\debug\simrep.tlog\inf2cat-expand.7848.write.1.tlog
d:\works\project\07.fileio_windows\windows-driver-samples\filesys\minifilter\simrep\x64\debug\simrep.tlog\inf2cat-expand.7996.read.1.tlog
d:\works\project\07.fileio_windows\windows-driver-samples\filesys\minifilter\simrep\x64\debug\simrep.tlog\inf2cat-expand.7996.write.1.tlog
d:\works\project\07.fileio_windows\windows-driver-samples\filesys\minifilter\simrep\x64\debug\simrep.tlog\inf2cat-expand.8296.read.1.tlog
d:\works\project\07.fileio_windows\windows-driver-samples\filesys\minifilter\simrep\x64\debug\simrep.tlog\inf2cat-expand.8296.write.1.tlog
d:\works\project\07.fileio_windows\windows-driver-samples\filesys\minifilter\simrep\x64\debug\simrep.tlog\inf2cat-expand.8348.read.1.tlog
d:\works\project\07.fileio_windows\windows-driver-samples\filesys\minifilter\simrep\x64\debug\simrep.tlog\inf2cat-expand.8348.write.1.tlog
d:\works\project\07.fileio_windows\windows-driver-samples\filesys\minifilter\simrep\x64\debug\simrep.tlog\inf2cat-expand.8756.read.1.tlog
d:\works\project\07.fileio_windows\windows-driver-samples\filesys\minifilter\simrep\x64\debug\simrep.tlog\inf2cat-expand.8756.write.1.tlog
d:\works\project\07.fileio_windows\windows-driver-samples\filesys\minifilter\simrep\x64\debug\simrep.tlog\inf2cat-expand.8824.read.1.tlog
d:\works\project\07.fileio_windows\windows-driver-samples\filesys\minifilter\simrep\x64\debug\simrep.tlog\inf2cat-expand.8824.write.1.tlog
d:\works\project\07.fileio_windows\windows-driver-samples\filesys\minifilter\simrep\x64\debug\simrep.tlog\inf2cat-expand.9196.read.1.tlog
d:\works\project\07.fileio_windows\windows-driver-samples\filesys\minifilter\simrep\x64\debug\simrep.tlog\inf2cat-expand.9196.write.1.tlog
d:\works\project\07.fileio_windows\windows-driver-samples\filesys\minifilter\simrep\x64\debug\simrep.tlog\inf2cat-expand.9356.read.1.tlog
d:\works\project\07.fileio_windows\windows-driver-samples\filesys\minifilter\simrep\x64\debug\simrep.tlog\inf2cat-expand.9356.write.1.tlog
d:\works\project\07.fileio_windows\windows-driver-samples\filesys\minifilter\simrep\x64\debug\simrep.tlog\inf2cat-expand.9488.read.1.tlog
d:\works\project\07.fileio_windows\windows-driver-samples\filesys\minifilter\simrep\x64\debug\simrep.tlog\inf2cat-expand.9488.write.1.tlog
d:\works\project\07.fileio_windows\windows-driver-samples\filesys\minifilter\simrep\x64\debug\simrep.tlog\inf2cat-expand.9508.read.1.tlog
d:\works\project\07.fileio_windows\windows-driver-samples\filesys\minifilter\simrep\x64\debug\simrep.tlog\inf2cat-expand.9508.write.1.tlog
d:\works\project\07.fileio_windows\windows-driver-samples\filesys\minifilter\simrep\x64\debug\simrep.tlog\inf2cat-expand.9540.read.1.tlog
d:\works\project\07.fileio_windows\windows-driver-samples\filesys\minifilter\simrep\x64\debug\simrep.tlog\inf2cat-expand.9540.write.1.tlog
d:\works\project\07.fileio_windows\windows-driver-samples\filesys\minifilter\simrep\x64\debug\simrep.tlog\inf2cat-expand.964.read.1.tlog
d:\works\project\07.fileio_windows\windows-driver-samples\filesys\minifilter\simrep\x64\debug\simrep.tlog\inf2cat-expand.964.write.1.tlog
d:\works\project\07.fileio_windows\windows-driver-samples\filesys\minifilter\simrep\x64\debug\simrep.tlog\inf2cat-expand.read.1.tlog
d:\works\project\07.fileio_windows\windows-driver-samples\filesys\minifilter\simrep\x64\debug\simrep.tlog\inf2cat-expand.write.1.tlog
d:\works\project\07.fileio_windows\windows-driver-samples\filesys\minifilter\simrep\x64\debug\simrep.tlog\inf2cat.command.1.tlog
d:\works\project\07.fileio_windows\windows-driver-samples\filesys\minifilter\simrep\x64\debug\simrep.tlog\inf2cat.read.1.tlog
d:\works\project\07.fileio_windows\windows-driver-samples\filesys\minifilter\simrep\x64\debug\simrep.tlog\inf2cat.write.1.tlog
d:\works\project\07.fileio_windows\windows-driver-samples\filesys\minifilter\simrep\x64\debug\simrep.tlog\link.command.1.tlog
d:\works\project\07.fileio_windows\windows-driver-samples\filesys\minifilter\simrep\x64\debug\simrep.tlog\link.read.1.tlog
d:\works\project\07.fileio_windows\windows-driver-samples\filesys\minifilter\simrep\x64\debug\simrep.tlog\link.secondary.1.tlog
d:\works\project\07.fileio_windows\windows-driver-samples\filesys\minifilter\simrep\x64\debug\simrep.tlog\link.write.1.tlog
d:\works\project\07.fileio_windows\windows-driver-samples\filesys\minifilter\simrep\x64\debug\simrep.tlog\rc.command.1.tlog
d:\works\project\07.fileio_windows\windows-driver-samples\filesys\minifilter\simrep\x64\debug\simrep.tlog\rc.read.1.tlog
d:\works\project\07.fileio_windows\windows-driver-samples\filesys\minifilter\simrep\x64\debug\simrep.tlog\rc.write.1.tlog
d:\works\project\07.fileio_windows\windows-driver-samples\filesys\minifilter\simrep\x64\debug\simrep.tlog\signtool.command.1.tlog
d:\works\project\07.fileio_windows\windows-driver-samples\filesys\minifilter\simrep\x64\debug\simrep.tlog\signtool.read.1.tlog
d:\works\project\07.fileio_windows\windows-driver-samples\filesys\minifilter\simrep\x64\debug\simrep.tlog\signtool.timestamp.1.tlog
d:\works\project\07.fileio_windows\windows-driver-samples\filesys\minifilter\simrep\x64\debug\simrep.tlog\signtool.write.1.tlog
d:\works\project\07.fileio_windows\windows-driver-samples\filesys\minifilter\simrep\x64\debug\simrep.tlog\stampinf.command.1.tlog
d:\works\project\07.fileio_windows\windows-driver-samples\filesys\minifilter\simrep\x64\debug\simrep.tlog\stampinf.read.1.tlog
d:\works\project\07.fileio_windows\windows-driver-samples\filesys\minifilter\simrep\x64\debug\simrep.tlog\stampinf.write.1.tlog
